[I 2025-11-16 02:27:55.040 ServerApp] jupyter_lsp | extension was successfully linked.
[I 2025-11-16 02:27:55.041 ServerApp] jupyter_server_terminals | extension was successfully linked.
[I 2025-11-16 02:27:55.042 ServerApp] jupyterlab | extension was successfully linked.
[I 2025-11-16 02:27:55.114 ServerApp] notebook_shim | extension was successfully linked.
[W 2025-11-16 02:27:55.144 ServerApp] WARNING: The Jupyter server is listening on all IP addresses and not using encryption. This is not recommended.
[I 2025-11-16 02:27:55.144 ServerApp] notebook_shim | extension was successfully loaded.
[I 2025-11-16 02:27:55.145 ServerApp] jupyter_lsp | extension was successfully loaded.
[I 2025-11-16 02:27:55.145 ServerApp] jupyter_server_terminals | extension was successfully loaded.
[I 2025-11-16 02:27:55.146 LabApp] JupyterLab extension loaded from /Users/dush/Code/cst4150/.fintech/lib/python3.13/site-packages/jupyterlab
[I 2025-11-16 02:27:55.146 LabApp] JupyterLab application directory is /Users/dush/Code/cst4150/.fintech/share/jupyter/lab
[I 2025-11-16 02:27:55.146 LabApp] Extension Manager is 'pypi'.
[I 2025-11-16 02:27:55.166 ServerApp] jupyterlab | extension was successfully loaded.
[I 2025-11-16 02:27:55.167 ServerApp] Serving notebooks from local directory: /Users/dush/Code/cst4150/06-Time-Series
[I 2025-11-16 02:27:55.167 ServerApp] Jupyter Server 2.17.0 is running at:
[I 2025-11-16 02:27:55.167 ServerApp] http://localhost:8889/lab?token=3e053d567d844fd01917cd643c27e908335a792558c10728
[I 2025-11-16 02:27:55.167 ServerApp]     http://127.0.0.1:8889/lab?token=3e053d567d844fd01917cd643c27e908335a792558c10728
[I 2025-11-16 02:27:55.167 ServerApp] Use Control-C to stop this server and shut down all kernels (twice to skip confirmation).
[C 2025-11-16 02:27:55.168 ServerApp] 
    
    To access the server, open this file in a browser:
        file:///Users/dush/Library/Jupyter/runtime/jpserver-39144-open.html
    Or copy and paste one of these URLs:
        http://localhost:8889/lab?token=3e053d567d844fd01917cd643c27e908335a792558c10728
        http://127.0.0.1:8889/lab?token=3e053d567d844fd01917cd643c27e908335a792558c10728
[I 2025-11-16 02:27:55.266 ServerApp] Skipped non-installed server(s): basedpyright, bash-language-server, dockerfile-language-server-nodejs, javascript-typescript-langserver, jedi-language-server, julia-language-server, pyrefly, pyright, python-language-server, python-lsp-server, r-languageserver, sql-language-server, texlab, typescript-language-server, unified-language-server, vscode-css-languageserver-bin, vscode-html-languageserver-bin, vscode-json-languageserver-bin, yaml-language-server
[I 2025-11-16 02:28:48.046 ServerApp] 302 GET /?token=[secret] (@::1) 0.81ms
[W 2025-11-16 02:28:48.899 ServerApp] 404 GET /api/contents/06-Time-Series/ts-forecasting-ensemble?content=0&hash=0&1763245728897 (51e7e186ceaa40b0a8b1641fd60e7f57@::1) 0.97ms referer=http://localhost:8889/lab
[W 2025-11-16 02:28:48.899 ServerApp] 404 GET /api/contents/06-Time-Series/ts-forecasting-ensemble?content=0&hash=0&1763245728897 (::1): No such file or directory: 06-Time-Series/ts-forecasting-ensemble
[W 2025-11-16 02:28:48.900 ServerApp] 404 GET /api/contents/06-Time-Series/ts-forecasting-ensemble/README.md?content=0&hash=0&1763245728897 (51e7e186ceaa40b0a8b1641fd60e7f57@::1) 0.77ms referer=http://localhost:8889/lab
[W 2025-11-16 02:28:48.900 ServerApp] 404 GET /api/contents/06-Time-Series/ts-forecasting-ensemble/README.md?content=0&hash=0&1763245728897 (::1): No such file or directory: 06-Time-Series/ts-forecasting-ensemble/README.md
[W 2025-11-16 02:28:48.901 ServerApp] 404 GET /api/contents/06-Time-Series/notes/tomaugspurger_timeseries?content=0&hash=0&1763245728897 (51e7e186ceaa40b0a8b1641fd60e7f57@::1) 0.90ms referer=http://localhost:8889/lab
[W 2025-11-16 02:28:48.901 ServerApp] 404 GET /api/contents/06-Time-Series/notes/tomaugspurger_timeseries?content=0&hash=0&1763245728897 (::1): No such file or directory: 06-Time-Series/notes/tomaugspurger_timeseries
[W 2025-11-16 02:28:48.901 ServerApp] 404 GET /api/contents/06-Time-Series/notes/tomaugspurger_timeseries/tomaugspurger_timeseries.md?content=0&hash=0&1763245728897 (51e7e186ceaa40b0a8b1641fd60e7f57@::1) 0.55ms referer=http://localhost:8889/lab
[W 2025-11-16 02:28:48.902 ServerApp] 404 GET /api/contents/06-Time-Series/notes/tomaugspurger_timeseries/tomaugspurger_timeseries.md?content=0&hash=0&1763245728897 (::1): No such file or directory: 06-Time-Series/notes/tomaugspurger_timeseries/tomaugspurger_timeseries.md
[W 2025-11-16 02:28:48.902 ServerApp] 404 GET /api/contents/06-Time-Series/ts-forecasting-ensemble/notes/tomaugspurger_timeseries/tomaugspurger_timeseries.md?content=0&hash=0&1763245728898 (51e7e186ceaa40b0a8b1641fd60e7f57@::1) 1.22ms referer=http://localhost:8889/lab
[W 2025-11-16 02:28:48.902 ServerApp] 404 GET /api/contents/06-Time-Series/ts-forecasting-ensemble/notes/tomaugspurger_timeseries/tomaugspurger_timeseries.md?content=0&hash=0&1763245728898 (::1): No such file or directory: 06-Time-Series/ts-forecasting-ensemble/notes/tomaugspurger_timeseries/tomaugspurger_timeseries.md
[W 2025-11-16 02:28:48.903 ServerApp] 404 GET /api/contents/06-Time-Series/ts-forecasting-ensemble/notes/tomaugspurger_timeseries?content=0&hash=0&1763245728898 (51e7e186ceaa40b0a8b1641fd60e7f57@::1) 1.20ms referer=http://localhost:8889/lab
[W 2025-11-16 02:28:48.903 ServerApp] 404 GET /api/contents/06-Time-Series/ts-forecasting-ensemble/notes/tomaugspurger_timeseries?content=0&hash=0&1763245728898 (::1): No such file or directory: 06-Time-Series/ts-forecasting-ensemble/notes/tomaugspurger_timeseries
[W 2025-11-16 02:28:48.903 ServerApp] 404 GET /api/contents/06-Time-Series/ts-forecasting-ensemble/notebooks?content=0&hash=0&1763245728898 (51e7e186ceaa40b0a8b1641fd60e7f57@::1) 0.74ms referer=http://localhost:8889/lab
[W 2025-11-16 02:28:48.903 ServerApp] 404 GET /api/contents/06-Time-Series/ts-forecasting-ensemble/notebooks?content=0&hash=0&1763245728898 (::1): No such file or directory: 06-Time-Series/ts-forecasting-ensemble/notebooks
[W 2025-11-16 02:28:48.904 ServerApp] 404 GET /api/contents/06-Time-Series/ts-forecasting-ensemble/notebooks/01-predict-with-simple-models.ipynb?content=0&hash=0&1763245728898 (51e7e186ceaa40b0a8b1641fd60e7f57@::1) 0.94ms referer=http://localhost:8889/lab
[W 2025-11-16 02:28:48.904 ServerApp] 404 GET /api/contents/06-Time-Series/ts-forecasting-ensemble/notebooks/01-predict-with-simple-models.ipynb?content=0&hash=0&1763245728898 (::1): No such file or directory: 06-Time-Series/ts-forecasting-ensemble/notebooks/01-predict-with-simple-models.ipynb
[W 2025-11-16 02:28:48.904 ServerApp] 404 GET /api/contents/06-Time-Series/ts-forecasting-ensemble/time-series-theory.ipynb?content=0&hash=0&1763245728898 (51e7e186ceaa40b0a8b1641fd60e7f57@::1) 0.50ms referer=http://localhost:8889/lab
[W 2025-11-16 02:28:48.904 ServerApp] 404 GET /api/contents/06-Time-Series/ts-forecasting-ensemble/time-series-theory.ipynb?content=0&hash=0&1763245728898 (::1): No such file or directory: 06-Time-Series/ts-forecasting-ensemble/time-series-theory.ipynb
[W 2025-11-16 02:28:48.905 ServerApp] 404 GET /api/contents/06-Time-Series?content=0&hash=0&1763245728898 (51e7e186ceaa40b0a8b1641fd60e7f57@::1) 0.85ms referer=http://localhost:8889/lab
[W 2025-11-16 02:28:48.905 ServerApp] 404 GET /api/contents/06-Time-Series?content=0&hash=0&1763245728898 (::1): No such file or directory: 06-Time-Series
[W 2025-11-16 02:28:48.906 ServerApp] 404 GET /api/contents/06-Time-Series/ts-forecasting-ensemble/README.md?content=0&hash=0&1763245728898 (51e7e186ceaa40b0a8b1641fd60e7f57@::1) 1.02ms referer=http://localhost:8889/lab
[W 2025-11-16 02:28:48.906 ServerApp] 404 GET /api/contents/06-Time-Series/ts-forecasting-ensemble/README.md?content=0&hash=0&1763245728898 (::1): No such file or directory: 06-Time-Series/ts-forecasting-ensemble/README.md
[W 2025-11-16 02:28:48.906 ServerApp] 404 GET /api/contents/06-Time-Series/notes/tomaugspurger_timeseries/tomaugspurger_timeseries.md?content=0&hash=0&1763245728898 (51e7e186ceaa40b0a8b1641fd60e7f57@::1) 0.80ms referer=http://localhost:8889/lab
[W 2025-11-16 02:28:48.906 ServerApp] 404 GET /api/contents/06-Time-Series/notes/tomaugspurger_timeseries/tomaugspurger_timeseries.md?content=0&hash=0&1763245728898 (::1): No such file or directory: 06-Time-Series/notes/tomaugspurger_timeseries/tomaugspurger_timeseries.md
[W 2025-11-16 02:28:48.906 ServerApp] 404 GET /api/contents/06-Time-Series/03%20Simple%20Models.ipynb?content=0&hash=0&1763245728899 (51e7e186ceaa40b0a8b1641fd60e7f57@::1) 0.96ms referer=http://localhost:8889/lab
[W 2025-11-16 02:28:48.906 ServerApp] 404 GET /api/contents/06-Time-Series/03%20Simple%20Models.ipynb?content=0&hash=0&1763245728899 (::1): No such file or directory: 06-Time-Series/03 Simple Models.ipynb
[W 2025-11-16 02:28:48.907 ServerApp] 404 GET /api/contents/06-Time-Series/01%20Theory.ipynb?content=0&hash=0&1763245728899 (51e7e186ceaa40b0a8b1641fd60e7f57@::1) 0.39ms referer=http://localhost:8889/lab
[W 2025-11-16 02:28:48.907 ServerApp] 404 GET /api/contents/06-Time-Series/01%20Theory.ipynb?content=0&hash=0&1763245728899 (::1): No such file or directory: 06-Time-Series/01 Theory.ipynb
[W 2025-11-16 02:28:48.907 ServerApp] 404 GET /api/contents/06-Time-Series/ts-forecasting-ensemble/notebooks/01-predict-with-simple-models.ipynb?content=0&hash=0&1763245728899 (51e7e186ceaa40b0a8b1641fd60e7f57@::1) 0.69ms referer=http://localhost:8889/lab
[W 2025-11-16 02:28:48.907 ServerApp] 404 GET /api/contents/06-Time-Series/ts-forecasting-ensemble/notebooks/01-predict-with-simple-models.ipynb?content=0&hash=0&1763245728899 (::1): No such file or directory: 06-Time-Series/ts-forecasting-ensemble/notebooks/01-predict-with-simple-models.ipynb
[W 2025-11-16 02:28:48.908 ServerApp] 404 GET /api/contents/06-Time-Series/ts-forecasting-ensemble/time-series-theory.ipynb?content=0&hash=0&1763245728899 (51e7e186ceaa40b0a8b1641fd60e7f57@::1) 0.85ms referer=http://localhost:8889/lab
[W 2025-11-16 02:28:48.908 ServerApp] 404 GET /api/contents/06-Time-Series/ts-forecasting-ensemble/time-series-theory.ipynb?content=0&hash=0&1763245728899 (::1): No such file or directory: 06-Time-Series/ts-forecasting-ensemble/time-series-theory.ipynb
[W 2025-11-16 02:28:48.908 ServerApp] 404 GET /api/contents/06-Time-Series/02%20Financial%20TS.ipynb?content=0&hash=0&1763245728899 (51e7e186ceaa40b0a8b1641fd60e7f57@::1) 0.73ms referer=http://localhost:8889/lab
[W 2025-11-16 02:28:48.908 ServerApp] 404 GET /api/contents/06-Time-Series/02%20Financial%20TS.ipynb?content=0&hash=0&1763245728899 (::1): No such file or directory: 06-Time-Series/02 Financial TS.ipynb
[W 2025-11-16 02:28:48.909 ServerApp] 404 GET /api/contents/06-Time-Series/references/dk-time-series/notebooks/(s)arimax-pycon-2016-svds-jeffrey-yau.ipynb?content=0&hash=0&1763245728899 (51e7e186ceaa40b0a8b1641fd60e7f57@::1) 0.83ms referer=http://localhost:8889/lab
[W 2025-11-16 02:28:48.909 ServerApp] 404 GET /api/contents/06-Time-Series/references/dk-time-series/notebooks/(s)arimax-pycon-2016-svds-jeffrey-yau.ipynb?content=0&hash=0&1763245728899 (::1): No such file or directory: 06-Time-Series/references/dk-time-series/notebooks/(s)arimax-pycon-2016-svds-jeffrey-yau.ipynb
[W 2025-11-16 02:28:48.909 ServerApp] 404 GET /api/contents/06-Time-Series/references/dk-time-series/notebooks/03-ARIMA.ipynb?content=0&hash=0&1763245728899 (51e7e186ceaa40b0a8b1641fd60e7f57@::1) 0.39ms referer=http://localhost:8889/lab
[W 2025-11-16 02:28:48.909 ServerApp] 404 GET /api/contents/06-Time-Series/references/dk-time-series/notebooks/03-ARIMA.ipynb?content=0&hash=0&1763245728899 (::1): No such file or directory: 06-Time-Series/references/dk-time-series/notebooks/03-ARIMA.ipynb
[W 2025-11-16 02:28:48.910 ServerApp] 404 GET /api/contents/06-Time-Series/references/dk-time-series/notebooks/Untitled.ipynb?content=0&hash=0&1763245728899 (51e7e186ceaa40b0a8b1641fd60e7f57@::1) 0.62ms referer=http://localhost:8889/lab
[W 2025-11-16 02:28:48.910 ServerApp] 404 GET /api/contents/06-Time-Series/references/dk-time-series/notebooks/Untitled.ipynb?content=0&hash=0&1763245728899 (::1): No such file or directory: 06-Time-Series/references/dk-time-series/notebooks/Untitled.ipynb
[W 2025-11-16 02:28:48.910 ServerApp] 404 GET /api/contents/06-Time-Series/ts-forecasting-ensemble/README.md?content=0&hash=0&1763245728900 (51e7e186ceaa40b0a8b1641fd60e7f57@::1) 0.56ms referer=http://localhost:8889/lab
[W 2025-11-16 02:28:48.910 ServerApp] 404 GET /api/contents/06-Time-Series/ts-forecasting-ensemble/README.md?content=0&hash=0&1763245728900 (::1): No such file or directory: 06-Time-Series/ts-forecasting-ensemble/README.md
[I 2025-11-16 02:28:48.953 LabApp] Build is up to date
[W 2025-11-16 02:28:49.945 ServerApp] 404 GET /api/contents/06-Time-Series/ts-forecasting-ensemble?1763245729941 (51e7e186ceaa40b0a8b1641fd60e7f57@::1) 1.31ms referer=http://localhost:8889/lab
[W 2025-11-16 02:28:49.945 ServerApp] 404 GET /api/contents/06-Time-Series/ts-forecasting-ensemble?1763245729941 (::1): No such file or directory: 06-Time-Series/ts-forecasting-ensemble
[W 2025-11-16 02:28:59.426 ServerApp] 404 GET /api/contents/03a?content=0&hash=0&1763245739425 (51e7e186ceaa40b0a8b1641fd60e7f57@::1) 0.49ms referer=http://localhost:8889/lab/tree/02a%20sktime.ipynb
[W 2025-11-16 02:28:59.426 ServerApp] 404 GET /api/contents/03a?content=0&hash=0&1763245739425 (::1): No such file or directory: 03a
[I 2025-11-16 02:28:59.549 ServerApp] Kernel started: e48e085e-ff99-418d-bcc7-b14294528971
[I 2025-11-16 02:28:59.893 ServerApp] Connecting to kernel e48e085e-ff99-418d-bcc7-b14294528971.
[I 2025-11-16 02:28:59.894 ServerApp] Connecting to kernel e48e085e-ff99-418d-bcc7-b14294528971.
[W 2025-11-16 02:28:59.894 ServerApp] The websocket_ping_timeout (90000) cannot be longer than the websocket_ping_interval (30000).
    Setting websocket_ping_timeout=30000
[I 2025-11-16 02:28:59.905 ServerApp] Connecting to kernel e48e085e-ff99-418d-bcc7-b14294528971.
[W 2025-11-16 02:28:59.922 ServerApp] Got events for closed stream <zmq.eventloop.zmqstream.ZMQStream object at 0x10d106f50>
[I 2025-11-16 02:30:59.978 ServerApp] Saving file at /02a sktime.ipynb
[I 2025-11-16 02:35:02.014 ServerApp] Saving file at /02a sktime.ipynb
[I 2025-11-16 03:10:05.208 ServerApp] Starting buffering for e48e085e-ff99-418d-bcc7-b14294528971:4fabdc72-7a33-4c49-abd3-c8c67e40971c
[I 2025-11-16 03:10:05.223 ServerApp] Connecting to kernel e48e085e-ff99-418d-bcc7-b14294528971.
[I 2025-11-16 03:10:05.224 ServerApp] Restoring connection for e48e085e-ff99-418d-bcc7-b14294528971:4fabdc72-7a33-4c49-abd3-c8c67e40971c
[I 2025-11-16 19:27:08.855 ServerApp] Starting buffering for e48e085e-ff99-418d-bcc7-b14294528971:4fabdc72-7a33-4c49-abd3-c8c67e40971c
[I 2025-11-16 19:27:08.872 ServerApp] Connecting to kernel e48e085e-ff99-418d-bcc7-b14294528971.
[I 2025-11-16 19:27:08.872 ServerApp] Restoring connection for e48e085e-ff99-418d-bcc7-b14294528971:4fabdc72-7a33-4c49-abd3-c8c67e40971c
[I 2025-11-17 01:24:33.016 ServerApp] Starting buffering for e48e085e-ff99-418d-bcc7-b14294528971:4fabdc72-7a33-4c49-abd3-c8c67e40971c
[I 2025-11-17 01:24:33.034 ServerApp] Connecting to kernel e48e085e-ff99-418d-bcc7-b14294528971.
[I 2025-11-17 01:24:33.034 ServerApp] Restoring connection for e48e085e-ff99-418d-bcc7-b14294528971:4fabdc72-7a33-4c49-abd3-c8c67e40971c
[I 2025-11-17 01:28:51.501 ServerApp] Starting buffering for e48e085e-ff99-418d-bcc7-b14294528971:4fabdc72-7a33-4c49-abd3-c8c67e40971c
[I 2025-11-17 01:28:51.508 ServerApp] Connecting to kernel e48e085e-ff99-418d-bcc7-b14294528971.
[I 2025-11-17 01:28:51.508 ServerApp] Restoring connection for e48e085e-ff99-418d-bcc7-b14294528971:4fabdc72-7a33-4c49-abd3-c8c67e40971c
[I 2025-11-17 03:08:40.874 ServerApp] Starting buffering for e48e085e-ff99-418d-bcc7-b14294528971:4fabdc72-7a33-4c49-abd3-c8c67e40971c
[I 2025-11-17 03:08:41.330 ServerApp] Connecting to kernel e48e085e-ff99-418d-bcc7-b14294528971.
[I 2025-11-17 03:08:41.341 ServerApp] Starting buffering for e48e085e-ff99-418d-bcc7-b14294528971:60a76f7f-1ed8-4a34-bfc7-2903fda33629
[W 2025-11-17 03:08:41.550 ServerApp] 404 GET /api/contents/03a?content=0&hash=0&1763334521548 (51e7e186ceaa40b0a8b1641fd60e7f57@::1) 0.44ms referer=http://localhost:8889/lab/tree/02a%20sktime.ipynb
[W 2025-11-17 03:08:41.550 ServerApp] 404 GET /api/contents/03a?content=0&hash=0&1763334521548 (::1): No such file or directory: 03a
[I 2025-11-17 03:08:41.623 ServerApp] Connecting to kernel e48e085e-ff99-418d-bcc7-b14294528971.
[I 2025-11-17 03:08:41.665 LabApp] Build is up to date
[I 2025-11-17 03:08:54.266 LabApp] 301 GET /lab/ (51e7e186ceaa40b0a8b1641fd60e7f57@::1) 1.36ms
[I 2025-11-17 03:08:54.324 ServerApp] Starting buffering for e48e085e-ff99-418d-bcc7-b14294528971:d46f2705-dc61-44ad-9f24-7ea42d2533ba
[I 2025-11-17 03:08:54.623 ServerApp] Connecting to kernel e48e085e-ff99-418d-bcc7-b14294528971.
[I 2025-11-17 03:08:54.632 ServerApp] Starting buffering for e48e085e-ff99-418d-bcc7-b14294528971:72aed6de-c010-4d0a-b33b-548e907a40e4
[W 2025-11-17 03:08:54.886 ServerApp] 404 GET /api/contents/03a?content=0&hash=0&1763334534883 (51e7e186ceaa40b0a8b1641fd60e7f57@::1) 0.77ms referer=http://localhost:8889/lab
[W 2025-11-17 03:08:54.886 ServerApp] 404 GET /api/contents/03a?content=0&hash=0&1763334534883 (::1): No such file or directory: 03a
[I 2025-11-17 03:08:54.909 LabApp] Build is up to date
[I 2025-11-17 03:08:54.966 ServerApp] Connecting to kernel e48e085e-ff99-418d-bcc7-b14294528971.
[I 2025-11-17 03:09:00.801 ServerApp] Kernel shutdown: e48e085e-ff99-418d-bcc7-b14294528971
[I 2025-11-17 03:09:00.921 ServerApp] Shutting down on /api/shutdown request.
[I 2025-11-17 03:09:00.921 ServerApp] Shutting down 4 extensions
